[{'id': 'c5557110bef1e8e4ad64ff9e9fa867e2',
  'sport_key': 'basketball_nba',
  'sport_title': 'NBA',
  'commence_time': '2023-12-30T22:00:00Z',
  'home_team': 'Utah Jazz',
  'away_team': 'Miami Heat',
  'bookmakers': [{'key': 'draftkings',
    'title': 'DraftKings',
    'last_update': '2023-12-30T08:57:46Z',
    'markets': [{'key': 'h2h',
      'last_update': '2023-12-30T08:57:46Z',
      'outcomes': [{'name': 'Miami Heat', 'price': -120},
       {'name': 'Utah Jazz', 'price': 100}]}]},
   {'key': 'fanduel',
    'title': 'FanDuel',
    'last_update': '2023-12-30T09:00:05Z',
    'markets': [{'key': 'h2h',
      'last_update': '2023-12-30T09:00:05Z',
      'outcomes': [{'name': 'Miami Heat', 'price': -122},
       {'name': 'Utah Jazz', 'price': 104}]}]},
   {'key': 'mybookieag',
    'title': 'MyBookie.ag',
    'last_update': '2023-12-30T09:00:13Z',
    'markets': [{'key': 'h2h',
      'last_update': '2023-12-30T09:00:13Z',
      'outcomes': [{'name': 'Miami Heat', 'price': -125},
       {'name': 'Utah Jazz', 'price': 105}]}]},
   {'key': 'betmgm',
    'title': 'BetMGM',
    'last_update': '2023-12-30T08:58:49Z',
    'markets': [{'key': 'h2h',
      'last_update': '2023-12-30T08:58:49Z',
      'outcomes': [{'name': 'Miami Heat', 'price': -120},
       {'name': 'Utah Jazz', 'price': 100}]}]},
   {'key': 'pointsbetus',
    'title': 'PointsBet (US)',
    'last_update': '2023-12-30T08:59:54Z',
    'markets': [{'key': 'h2h',
      'last_update': '2023-12-30T08:59:54Z',
      'outcomes': [{'name': 'Miami Heat', 'price': -125},
       {'name': 'Utah Jazz', 'price': 105}]}]},
   {'key': 'williamhill_us',
    'title': 'Caesars',
    'last_update': '2023-12-30T08:59:38Z',
    'markets': [{'key': 'h2h',
      'last_update': '2023-12-30T08:59:38Z',
      'outcomes': [{'name': 'Miami Heat', 'price': -120},
       {'name': 'Utah Jazz', 'price': 100}]}]},
   {'key': 'bovada',
    'title': 'Bovada',
    'last_update': '2023-12-30T08:58:34Z',
    'markets': [{'key': 'h2h',
      'last_update': '2023-12-30T08:58:34Z',
      'outcomes': [{'name': 'Miami Heat', 'price': -125},
       {'name': 'Utah Jazz', 'price': 105}]}]},
   {'key': 'unibet_us',
    'title': 'Unibet',
    'last_update': '2023-12-30T09:00:21Z',
    'markets': [{'key': 'h2h',
      'last_update': '2023-12-30T09:00:21Z',
      'outcomes': [{'name': 'Miami Heat', 'price': -125},
       {'name': 'Utah Jazz', 'price': 106}]}]},
   {'key': 'betrivers',
    'title': 'BetRivers',
    'last_update': '2023-12-30T09:00:21Z',
    'markets': [{'key': 'h2h',
      'last_update': '2023-12-30T09:00:20Z',
      'outcomes': [{'name': 'Miami Heat', 'price': -125},
       {'name': 'Utah Jazz', 'price': 106}]}]}]},
 {'id': 'fc02d1a39b53c20230af13d9b5dd15d1',
  'sport_key': 'basketball_nba',
  'sport_title': 'NBA',
  'commence_time': '2023-12-30T23:00:00Z',
  'home_team': 'Detroit Pistons',
  'away_team': 'Toronto Raptors',
  'bookmakers': [{'key': 'draftkings',
    'title': 'DraftKings',
    'last_update': '2023-12-30T08:57:46Z',
    'markets': [{'key': 'h2h',
      'last_update': '2023-12-30T08:57:46Z',
      'outcomes': [{'name': 'Detroit Pistons', 'price': 150},
       {'name': 'Toronto Raptors', 'price': -180}]}]},
   {'key': 'betonlineag',
    'title': 'BetOnline.ag',
    'last_update': '2023-12-30T09:00:21Z',
    'markets': [{'key': 'h2h',
      'last_update': '2023-12-30T09:00:21Z',
      'outcomes': [{'name': 'Detroit Pistons', 'price': 160},
       {'name': 'Toronto Raptors', 'price': -179}]}]},
   {'key': 'lowvig',
    'title': 'LowVig.ag',
    'last_update': '2023-12-30T08:59:11Z',
    'markets': [{'key': 'h2h',
      'last_update': '2023-12-30T08:59:11Z',
      'outcomes': [{'name': 'Detroit Pistons', 'price': 160},
       {'name': 'Toronto Raptors', 'price': -180}]}]},
   {'key': 'williamhill_us',
    'title': 'Caesars',
    'last_update': '2023-12-30T08:59:38Z',
    'markets': [{'key': 'h2h',
      'last_update': '2023-12-30T08:59:38Z',
      'outcomes': [{'name': 'Detroit Pistons', 'price': 158},
       {'name': 'Toronto Raptors', 'price': -190}]}]},
   {'key': 'pointsbetus',
    'title': 'PointsBet (US)',
    'last_update': '2023-12-30T08:59:54Z',
    'markets': [{'key': 'h2h',
      'last_update': '2023-12-30T08:59:54Z',
      'outcomes': [{'name': 'Detroit Pistons', 'price': 160},
       {'name': 'Toronto Raptors', 'price': -190}]}]},
   {'key': 'wynnbet',
    'title': 'WynnBET',
    'last_update': '2023-12-30T08:58:33Z',
    'markets': [{'key': 'h2h',
      'last_update': '2023-12-30T08:58:33Z',
      'outcomes': [{'name': 'Detroit Pistons', 'price': 152},
       {'name': 'Toronto Raptors', 'price': -180}]}]},
   {'key': 'fanduel',
    'title': 'FanDuel',
    'last_update': '2023-12-30T09:00:05Z',
    'markets': [{'key': 'h2h',
      'last_update': '2023-12-30T09:00:05Z',
      'outcomes': [{'name': 'Detroit Pistons', 'price': 160},
       {'name': 'Toronto Raptors', 'price': -190}]}]},
   {'key': 'mybookieag',
    'title': 'MyBookie.ag',
    'last_update': '2023-12-30T09:00:13Z',
    'markets': [{'key': 'h2h',
      'last_update': '2023-12-30T09:00:13Z',
      'outcomes': [{'name': 'Detroit Pistons', 'price': 160},
       {'name': 'Toronto Raptors', 'price': -190}]}]},
   {'key': 'bovada',
    'title': 'Bovada',
    'last_update': '2023-12-30T08:58:34Z',
    'markets': [{'key': 'h2h',
      'last_update': '2023-12-30T08:58:34Z',
      'outcomes': [{'name': 'Detroit Pistons', 'price': 160},
       {'name': 'Toronto Raptors', 'price': -185}]}]},
   {'key': 'betus',
    'title': 'BetUS',
    'last_update': '2023-12-30T09:00:20Z',
    'markets': [{'key': 'h2h',
      'last_update': '2023-12-30T09:00:20Z',
      'outcomes': [{'name': 'Detroit Pistons', 'price': 155},
       {'name': 'Toronto Raptors', 'price': -180}]}]},
   {'key': 'betmgm',
    'title': 'BetMGM',
    'last_update': '2023-12-30T08:58:49Z',
    'markets': [{'key': 'h2h',
      'last_update': '2023-12-30T08:58:49Z',
      'outcomes': [{'name': 'Detroit Pistons', 'price': 155},
       {'name': 'Toronto Raptors', 'price': -190}]}]},
   {'key': 'unibet_us',
    'title': 'Unibet',
    'last_update': '2023-12-30T09:00:21Z',
    'markets': [{'key': 'h2h',
      'last_update': '2023-12-30T09:00:21Z',
      'outcomes': [{'name': 'Detroit Pistons', 'price': 165},
       {'name': 'Toronto Raptors', 'price': -200}]}]},
   {'key': 'betrivers',
    'title': 'BetRivers',
    'last_update': '2023-12-30T09:00:21Z',
    'markets': [{'key': 'h2h',
      'last_update': '2023-12-30T09:00:21Z',
      'outcomes': [{'name': 'Detroit Pistons', 'price': 165},
       {'name': 'Toronto Raptors', 'price': -200}]}]}]},
 {'id': '41dfd7e61e0b40fc0f10d98fa473cbef',
  'sport_key': 'basketball_nba',
  'sport_title': 'NBA',
  'commence_time': '2023-12-31T00:00:00Z',
  'home_team': 'Indiana Pacers',
  'away_team': 'New York Knicks',
  'bookmakers': [{'key': 'draftkings',
    'title': 'DraftKings',
    'last_update': '2023-12-30T08:57:46Z',
    'markets': [{'key': 'h2h',
      'last_update': '2023-12-30T08:57:46Z',
      'outcomes': [{'name': 'Indiana Pacers', 'price': -148},
       {'name': 'New York Knicks', 'price': 124}]}]},
   {'key': 'betonlineag',
    'title': 'BetOnline.ag',
    'last_update': '2023-12-30T09:00:21Z',
    'markets': [{'key': 'h2h',
      'last_update': '2023-12-30T09:00:21Z',
      'outcomes': [{'name': 'Indiana Pacers', 'price': -164},
       {'name': 'New York Knicks', 'price': 145}]}]},
   {'key': 'lowvig',
    'title': 'LowVig.ag',
    'last_update': '2023-12-30T08:59:11Z',
    'markets': [{'key': 'h2h',
      'last_update': '2023-12-30T08:59:11Z',
      'outcomes': [{'name': 'Indiana Pacers', 'price': -165},
       {'name': 'New York Knicks', 'price': 145}]}]},
   {'key': 'williamhill_us',
    'title': 'Caesars',
    'last_update': '2023-12-30T08:59:38Z',
    'markets': [{'key': 'h2h',
      'last_update': '2023-12-30T08:59:38Z',
      'outcomes': [{'name': 'Indiana Pacers', 'price': -165},
       {'name': 'New York Knicks', 'price': 140}]}]},
   {'key': 'pointsbetus',
    'title': 'PointsBet (US)',
    'last_update': '2023-12-30T08:59:54Z',
    'markets': [{'key': 'h2h',
      'last_update': '2023-12-30T08:59:54Z',
      'outcomes': [{'name': 'Indiana Pacers', 'price': -160},
       {'name': 'New York Knicks', 'price': 130}]}]},
   {'key': 'fanduel',
    'title': 'FanDuel',
    'last_update': '2023-12-30T09:00:05Z',
    'markets': [{'key': 'h2h',
      'last_update': '2023-12-30T09:00:05Z',
      'outcomes': [{'name': 'Indiana Pacers', 'price': -164},
       {'name': 'New York Knicks', 'price': 138}]}]},
   {'key': 'wynnbet',
    'title': 'WynnBET',
    'last_update': '2023-12-30T08:58:33Z',
    'markets': [{'key': 'h2h',
      'last_update': '2023-12-30T08:58:33Z',
      'outcomes': [{'name': 'Indiana Pacers', 'price': -160},
       {'name': 'New York Knicks', 'price': 135}]}]},
   {'key': 'mybookieag',
    'title': 'MyBookie.ag',
    'last_update': '2023-12-30T09:00:13Z',
    'markets': [{'key': 'h2h',
      'last_update': '2023-12-30T09:00:13Z',
      'outcomes': [{'name': 'Indiana Pacers', 'price': -155},
       {'name': 'New York Knicks', 'price': 135}]}]},
   {'key': 'bovada',
    'title': 'Bovada',
    'last_update': '2023-12-30T08:58:34Z',
    'markets': [{'key': 'h2h',
      'last_update': '2023-12-30T08:58:34Z',
      'outcomes': [{'name': 'Indiana Pacers', 'price': -160},
       {'name': 'New York Knicks', 'price': 135}]}]},
   {'key': 'betus',
    'title': 'BetUS',
    'last_update': '2023-12-30T09:00:20Z',
    'markets': [{'key': 'h2h',
      'last_update': '2023-12-30T09:00:20Z',
      'outcomes': [{'name': 'Indiana Pacers', 'price': -165},
       {'name': 'New York Knicks', 'price': 145}]}]},
   {'key': 'betmgm',
    'title': 'BetMGM',
    'last_update': '2023-12-30T08:58:49Z',
    'markets': [{'key': 'h2h',
      'last_update': '2023-12-30T08:58:49Z',
      'outcomes': [{'name': 'Indiana Pacers', 'price': -160},
       {'name': 'New York Knicks', 'price': 135}]}]},
   {'key': 'betrivers',
    'title': 'BetRivers',
    'last_update': '2023-12-30T09:00:21Z',
    'markets': [{'key': 'h2h',
      'last_update': '2023-12-30T09:00:21Z',
      'outcomes': [{'name': 'Indiana Pacers', 'price': -175},
       {'name': 'New York Knicks', 'price': 145}]}]},
   {'key': 'unibet_us',
    'title': 'Unibet',
    'last_update': '2023-12-30T09:00:21Z',
    'markets': [{'key': 'h2h',
      'last_update': '2023-12-30T09:00:21Z',
      'outcomes': [{'name': 'Indiana Pacers', 'price': -175},
       {'name': 'New York Knicks', 'price': 145}]}]}]},
 {'id': '864b43b398b818e59f51a556ee596044',
  'sport_key': 'basketball_nba',
  'sport_title': 'NBA',
  'commence_time': '2023-12-31T01:00:00Z',
  'home_team': 'Chicago Bulls',
  'away_team': 'Philadelphia 76ers',
  'bookmakers': [{'key': 'draftkings',
    'title': 'DraftKings',
    'last_update': '2023-12-30T08:57:46Z',
    'markets': [{'key': 'h2h',
      'last_update': '2023-12-30T08:57:46Z',
      'outcomes': [{'name': 'Chicago Bulls', 'price': -120},
       {'name': 'Philadelphia 76ers', 'price': 100}]}]},
   {'key': 'fanduel',
    'title': 'FanDuel',
    'last_update': '2023-12-30T09:00:05Z',
    'markets': [{'key': 'h2h',
      'last_update': '2023-12-30T09:00:05Z',
      'outcomes': [{'name': 'Chicago Bulls', 'price': -120},
       {'name': 'Philadelphia 76ers', 'price': 102}]}]},
   {'key': 'mybookieag',
    'title': 'MyBookie.ag',
    'last_update': '2023-12-30T09:00:13Z',
    'markets': [{'key': 'h2h',
      'last_update': '2023-12-30T09:00:13Z',
      'outcomes': [{'name': 'Chicago Bulls', 'price': -120},
       {'name': 'Philadelphia 76ers', 'price': 100}]}]},
   {'key': 'betmgm',
    'title': 'BetMGM',
    'last_update': '2023-12-30T08:58:49Z',
    'markets': [{'key': 'h2h',
      'last_update': '2023-12-30T08:58:49Z',
      'outcomes': [{'name': 'Chicago Bulls', 'price': -120},
       {'name': 'Philadelphia 76ers', 'price': 100}]}]},
   {'key': 'pointsbetus',
    'title': 'PointsBet (US)',
    'last_update': '2023-12-30T08:59:54Z',
    'markets': [{'key': 'h2h',
      'last_update': '2023-12-30T08:59:54Z',
      'outcomes': [{'name': 'Chicago Bulls', 'price': -125},
       {'name': 'Philadelphia 76ers', 'price': 105}]}]},
   {'key': 'williamhill_us',
    'title': 'Caesars',
    'last_update': '2023-12-30T08:59:38Z',
    'markets': [{'key': 'h2h',
      'last_update': '2023-12-30T08:59:38Z',
      'outcomes': [{'name': 'Chicago Bulls', 'price': -120},
       {'name': 'Philadelphia 76ers', 'price': 100}]}]},
   {'key': 'bovada',
    'title': 'Bovada',
    'last_update': '2023-12-30T08:58:34Z',
    'markets': [{'key': 'h2h',
      'last_update': '2023-12-30T08:58:34Z',
      'outcomes': [{'name': 'Chicago Bulls', 'price': -125},
       {'name': 'Philadelphia 76ers', 'price': 105}]}]},
   {'key': 'betrivers',
    'title': 'BetRivers',
    'last_update': '2023-12-30T09:00:21Z',
    'markets': [{'key': 'h2h',
      'last_update': '2023-12-30T09:00:21Z',
      'outcomes': [{'name': 'Chicago Bulls', 'price': -125},
       {'name': 'Philadelphia 76ers', 'price': 106}]}]},
   {'key': 'unibet_us',
    'title': 'Unibet',
    'last_update': '2023-12-30T09:00:21Z',
    'markets': [{'key': 'h2h',
      'last_update': '2023-12-30T09:00:21Z',
      'outcomes': [{'name': 'Chicago Bulls', 'price': -125},
       {'name': 'Philadelphia 76ers', 'price': 106}]}]}]},
 {'id': '5642e6bedfa5b46e68ee9ea9ebb7c39d',
  'sport_key': 'basketball_nba',
  'sport_title': 'NBA',
  'commence_time': '2023-12-31T01:00:00Z',
  'home_team': 'Minnesota Timberwolves',
  'away_team': 'Los Angeles Lakers',
  'bookmakers': [{'key': 'draftkings',
    'title': 'DraftKings',
    'last_update': '2023-12-30T08:57:46Z',
    'markets': [{'key': 'h2h',
      'last_update': '2023-12-30T08:57:46Z',
      'outcomes': [{'name': 'Los Angeles Lakers', 'price': 140},
       {'name': 'Minnesota Timberwolves', 'price': -166}]}]},
   {'key': 'fanduel',
    'title': 'FanDuel',
    'last_update': '2023-12-30T09:00:05Z',
    'markets': [{'key': 'h2h',
      'last_update': '2023-12-30T09:00:05Z',
      'outcomes': [{'name': 'Los Angeles Lakers', 'price': 136},
       {'name': 'Minnesota Timberwolves', 'price': -162}]}]},
   {'key': 'mybookieag',
    'title': 'MyBookie.ag',
    'last_update': '2023-12-30T09:00:13Z',
    'markets': [{'key': 'h2h',
      'last_update': '2023-12-30T09:00:13Z',
      'outcomes': [{'name': 'Los Angeles Lakers', 'price': 140},
       {'name': 'Minnesota Timberwolves', 'price': -160}]}]},
   {'key': 'lowvig',
    'title': 'LowVig.ag',
    'last_update': '2023-12-30T08:59:11Z',
    'markets': [{'key': 'h2h',
      'last_update': '2023-12-30T08:59:11Z',
      'outcomes': [{'name': 'Los Angeles Lakers', 'price': 145},
       {'name': 'Minnesota Timberwolves', 'price': -165}]}]},
   {'key': 'betonlineag',
    'title': 'BetOnline.ag',
    'last_update': '2023-12-30T09:00:21Z',
    'markets': [{'key': 'h2h',
      'last_update': '2023-12-30T09:00:21Z',
      'outcomes': [{'name': 'Los Angeles Lakers', 'price': 145},
       {'name': 'Minnesota Timberwolves', 'price': -164}]}]},
   {'key': 'williamhill_us',
    'title': 'Caesars',
    'last_update': '2023-12-30T08:59:38Z',
    'markets': [{'key': 'h2h',
      'last_update': '2023-12-30T08:59:38Z',
      'outcomes': [{'name': 'Los Angeles Lakers', 'price': 143},
       {'name': 'Minnesota Timberwolves', 'price': -170}]}]},
   {'key': 'pointsbetus',
    'title': 'PointsBet (US)',
    'last_update': '2023-12-30T08:59:54Z',
    'markets': [{'key': 'h2h',
      'last_update': '2023-12-30T08:59:54Z',
      'outcomes': [{'name': 'Los Angeles Lakers', 'price': 145},
       {'name': 'Minnesota Timberwolves', 'price': -175}]}]},
   {'key': 'bovada',
    'title': 'Bovada',
    'last_update': '2023-12-30T08:58:34Z',
    'markets': [{'key': 'h2h',
      'last_update': '2023-12-30T08:58:34Z',
      'outcomes': [{'name': 'Los Angeles Lakers', 'price': 145},
       {'name': 'Minnesota Timberwolves', 'price': -170}]}]},
   {'key': 'betus',
    'title': 'BetUS',
    'last_update': '2023-12-30T09:00:20Z',
    'markets': [{'key': 'h2h',
      'last_update': '2023-12-30T09:00:20Z',
      'outcomes': [{'name': 'Los Angeles Lakers', 'price': 145},
       {'name': 'Minnesota Timberwolves', 'price': -165}]}]},
   {'key': 'betmgm',
    'title': 'BetMGM',
    'last_update': '2023-12-30T08:58:49Z',
    'markets': [{'key': 'h2h',
      'last_update': '2023-12-30T08:58:49Z',
      'outcomes': [{'name': 'Los Angeles Lakers', 'price': 140},
       {'name': 'Minnesota Timberwolves', 'price': -165}]}]},
   {'key': 'betrivers',
    'title': 'BetRivers',
    'last_update': '2023-12-30T09:00:21Z',
    'markets': [{'key': 'h2h',
      'last_update': '2023-12-30T09:00:21Z',
      'outcomes': [{'name': 'Los Angeles Lakers', 'price': 148},
       {'name': 'Minnesota Timberwolves', 'price': -177}]}]},
   {'key': 'unibet_us',
    'title': 'Unibet',
    'last_update': '2023-12-30T09:00:21Z',
    'markets': [{'key': 'h2h',
      'last_update': '2023-12-30T09:00:21Z',
      'outcomes': [{'name': 'Los Angeles Lakers', 'price': 148},
       {'name': 'Minnesota Timberwolves', 'price': -177}]}]}]},
 {'id': 'b0dc85ec5e468aca414d3ee313b88186',
  'sport_key': 'basketball_nba',
  'sport_title': 'NBA',
  'commence_time': '2023-12-31T01:30:00Z',
  'home_team': 'Golden State Warriors',
  'away_team': 'Dallas Mavericks',
  'bookmakers': [{'key': 'draftkings',
    'title': 'DraftKings',
    'last_update': '2023-12-30T08:57:46Z',
    'markets': [{'key': 'h2h',
      'last_update': '2023-12-30T08:57:46Z',
      'outcomes': [{'name': 'Dallas Mavericks', 'price': 150},
       {'name': 'Golden State Warriors', 'price': -180}]}]},
   {'key': 'fanduel',
    'title': 'FanDuel',
    'last_update': '2023-12-30T09:00:05Z',
    'markets': [{'key': 'h2h',
      'last_update': '2023-12-30T09:00:05Z',
      'outcomes': [{'name': 'Dallas Mavericks', 'price': 144},
       {'name': 'Golden State Warriors', 'price': -172}]}]},
   {'key': 'mybookieag',
    'title': 'MyBookie.ag',
    'last_update': '2023-12-30T09:00:13Z',
    'markets': [{'key': 'h2h',
      'last_update': '2023-12-30T09:00:13Z',
      'outcomes': [{'name': 'Dallas Mavericks', 'price': 150},
       {'name': 'Golden State Warriors', 'price': -175}]}]},
   {'key': 'betmgm',
    'title': 'BetMGM',
    'last_update': '2023-12-30T08:58:49Z',
    'markets': [{'key': 'h2h',
      'last_update': '2023-12-30T08:58:49Z',
      'outcomes': [{'name': 'Dallas Mavericks', 'price': 150},
       {'name': 'Golden State Warriors', 'price': -185}]}]},
   {'key': 'pointsbetus',
    'title': 'PointsBet (US)',
    'last_update': '2023-12-30T08:59:54Z',
    'markets': [{'key': 'h2h',
      'last_update': '2023-12-30T08:59:54Z',
      'outcomes': [{'name': 'Dallas Mavericks', 'price': 150},
       {'name': 'Golden State Warriors', 'price': -180}]}]},
   {'key': 'williamhill_us',
    'title': 'Caesars',
    'last_update': '2023-12-30T08:59:38Z',
    'markets': [{'key': 'h2h',
      'last_update': '2023-12-30T08:59:38Z',
      'outcomes': [{'name': 'Dallas Mavericks', 'price': 158},
       {'name': 'Golden State Warriors', 'price': -190}]}]},
   {'key': 'bovada',
    'title': 'Bovada',
    'last_update': '2023-12-30T08:58:34Z',
    'markets': [{'key': 'h2h',
      'last_update': '2023-12-30T08:58:34Z',
      'outcomes': [{'name': 'Dallas Mavericks', 'price': 150},
       {'name': 'Golden State Warriors', 'price': -175}]}]},
   {'key': 'betrivers',
    'title': 'BetRivers',
    'last_update': '2023-12-30T09:00:21Z',
    'markets': [{'key': 'h2h',
      'last_update': '2023-12-30T09:00:21Z',
      'outcomes': [{'name': 'Dallas Mavericks', 'price': 150},
       {'name': 'Golden State Warriors', 'price': -182}]}]},
   {'key': 'unibet_us',
    'title': 'Unibet',
    'last_update': '2023-12-30T09:00:21Z',
    'markets': [{'key': 'h2h',
      'last_update': '2023-12-30T09:00:21Z',
      'outcomes': [{'name': 'Dallas Mavericks', 'price': 150},
       {'name': 'Golden State Warriors', 'price': -182}]}]}]}]